3 + (1 + 1) = 5
3 == 1 + 2 : True
3 == 2 : False
is-even 3 : False
is-even 4 : True
